// Jest Snapshot v1, https://goo.gl/fbAQLP

exports[`[Form outgoing email]  Should form outgoing email from data 1`] = `
Object {
  "body": "<p>Hello</p><br/><span style=\\"font-size: 12px;\\">Sent with <a style=\\"color: #0091ff; text-decoration: none;\\" href=\\"https://www.criptext.com/dl\\">Criptext</a></span>",
  "criptextRecipients": Array [
    Object {
      "recipientId": "toUser",
      "type": "to",
    },
    Object {
      "recipientId": "ccUser",
      "type": "cc",
    },
    Object {
      "recipientId": "bccUser",
      "type": "bcc",
    },
  ],
  "emailData": Object {
    "email": Object {
      "content": "<p>Hello</p><br/><span style=\\"font-size: 12px;\\">Sent with <a style=\\"color: #0091ff; text-decoration: none;\\" href=\\"https://www.criptext.com/dl\\">Criptext</a></span>",
      "date": 1524861748481,
      "isMuted": false,
      "key": 1524861748481,
      "preview": "Hello",
      "secure": true,
      "status": 4,
      "subject": "Subject",
      "threadId": undefined,
      "unread": false,
    },
    "fileKeyParams": null,
    "labels": Array [
      6,
    ],
    "recipients": Object {
      "bcc": Array [
        "bccUser@criptext.com",
      ],
      "cc": Array [
        "ccUser@criptext.com",
      ],
      "from": Array [
        "undefined@criptext.com",
      ],
      "to": Array [
        "toUser@criptext.com",
      ],
    },
  },
  "externalRecipients": Object {
    "bcc": Array [],
    "cc": Array [],
    "to": Array [],
  },
}
`;
