// Jest Snapshot v1, https://goo.gl/fbAQLP

exports[`String Utils - Human File Size : Convert to human file sizes 1`] = `
Array [
  "100 B",
  "1.0 KB",
  "1.0 MB",
  "1.0 GB",
  "1.0 TB",
]
`;

exports[`String Utils - Parse Separators : Parse email by separators 1`] = `
Array [
  "julian_adams@signal.com",
  "erika@criptext.com",
  "gianni-carlo@signal.com",
  "daniel_tigse@signal.com",
  "pedro_iniguez@criptext.com",
  "gabriel@signal.com",
  "allison@signal.com",
  "natasha@criptext.com",
  "julian@signal.com",
  "juan_piguave@signal.com",
  "erick@criptext.com",
]
`;
