// Jest Snapshot v1, https://goo.gl/fbAQLP

exports[`email actions:  should add emails to state 1`] = `
Immutable.Map {
  1: Immutable.Map {
    id: 1,
    bcc: "",
    cc: "",
    date: 1513350001000,
    from: "no-reply@criptext.com",
    s3key: "path/to/content",
    to: "gaumala@criptext.com",
  },
}
`;
