// Jest Snapshot v1, https://goo.gl/fbAQLP

exports[`actions should create an 1`] = `
Object {
  "threads": Object {
    "13": Object {
      "emails": Array [
        11,
        21,
      ],
      "id": 13,
      "subject": "test subject 13",
    },
    "23": Object {
      "emails": Array [
        10,
        43,
      ],
      "id": 23,
      "subject": "test subject 23",
    },
  },
}
`;
