// Jest Snapshot v1, https://goo.gl/fbAQLP

exports[`Email actions - ADD_BATCH  shoul add emails to state 1`] = `
Immutable.Map {
  "1": Immutable.Map {
    "labelIds": Immutable.Set [
      1,
    ],
    "threadId": "fSaznwApj6ilX8U",
    "trashDate": null,
    "preview": "Email content 1",
    "subject": "Email subject 1",
    "date": 1514231264772,
    "unread": true,
    "status": 3,
    "fileTokens": Immutable.Set [
      "5t1o3uwfilajs3rfz8h4xsg96pkva",
      "7sjpb3vj1vijs3rfzcabjv2vdqde",
      "w4l31fx4cyjs3rfzbycuqddqr27b",
      "y89y5jpwc8js3rfzc6y0c3ihdu7i",
    ],
    "secure": true,
    "content": "Email content 1",
    "id": 1,
    "s3Key": "fSaznwApj6ilX8U",
    "key": "fSaznwApj6ilX8U",
  },
  "2": Immutable.Map {
    "labelIds": Immutable.Set [
      1,
      2,
    ],
    "threadId": "k7ZtKjAXYFSwD",
    "trashDate": null,
    "preview": "Email content 2",
    "subject": "Email subject 2",
    "date": 1515624279364,
    "unread": true,
    "status": 3,
    "fileTokens": Immutable.Set [],
    "secure": true,
    "content": "Email content 2",
    "id": 2,
    "s3Key": "k7ZtKjAXYFSwD",
    "key": "k7ZtKjAXYFSwD",
  },
  "3": Immutable.Map {
    "labelIds": Immutable.Set [
      1,
      2,
    ],
    "threadId": "HuviK7TKUVK",
    "trashDate": null,
    "preview": "Email content 3",
    "subject": "Email subject 3",
    "date": 1512744868344,
    "unread": true,
    "status": 3,
    "fileTokens": Immutable.Set [],
    "secure": false,
    "content": "Email content 3",
    "id": 3,
    "s3Key": "HuviK7TKUVK",
    "key": "HuviK7TKUVK",
  },
}
`;
