// Jest Snapshot v1, https://goo.gl/fbAQLP

exports[`email actions:  Add emails to state 1`] = `
Immutable.Map {
  1: Immutable.Map {
    isMuted: 0,
    threadId: "fSaznwApj6ilX8U",
    preview: "Email content 1",
    subject: "Email subject 1",
    date: 1514231264772,
    unread: 1,
    status: 3,
    secure: 1,
    content: "Email content 1",
    id: 1,
    s3Key: "fSaznwApj6ilX8U",
    key: "fSaznwApj6ilX8U",
  },
  2: Immutable.Map {
    isMuted: 0,
    threadId: "k7ZtKjAXYFSwD",
    preview: "Email content 2",
    subject: "Email subject 2",
    date: 1515624279364,
    unread: 1,
    status: 3,
    secure: 1,
    content: "Email content 2",
    id: 2,
    s3Key: "k7ZtKjAXYFSwD",
    key: "k7ZtKjAXYFSwD",
  },
  3: Immutable.Map {
    isMuted: 0,
    threadId: "HuviK7TKUVK",
    preview: "Email content 3",
    subject: "Email subject 3",
    date: 1512744868344,
    unread: 1,
    status: 3,
    secure: 1,
    content: "Email content 3",
    id: 3,
    s3Key: "HuviK7TKUVK",
    key: "HuviK7TKUVK",
  },
}
`;
