// Jest Snapshot v1, https://goo.gl/fbAQLP

exports[`feed actions should add feeds to state 1`] = `
Immutable.List [
  Immutable.Map {
    isMuted: false,
    threadId: 532322,
    time: 1515794888909,
    unread: false,
    state: "new",
    subtitle: "Why we all should flate text",
    title: "Schedule email sent",
    cmd: 1,
    id: 1,
  },
  Immutable.Map {
    isMuted: false,
    threadId: 3423,
    time: 1515432919000,
    unread: true,
    state: "new",
    subtitle: "Re: Last Meeting",
    title: "Email expired",
    cmd: 2,
    id: 2,
  },
  Immutable.Map {
    isMuted: false,
    threadId: 63512,
    time: 1515704888909,
    unread: true,
    state: "new",
    subtitle: "Re: Last Meeting",
    title: "Daniel Tigse Palma opened",
    cmd: 3,
    id: 3,
  },
  Immutable.Map {
    isMuted: false,
    threadId: 63567,
    time: 1515346519000,
    unread: false,
    state: "older",
    subtitle: "Re: Last Meeting",
    title: "Email expired",
    cmd: 2,
    id: 4,
  },
  Immutable.Map {
    isMuted: false,
    threadId: 532322,
    time: 1515432919000,
    unread: true,
    state: "older",
    subtitle: "Re: Last Meeting",
    title: "Daniel Tigse Palma opened",
    cmd: 3,
    id: 5,
  },
]
`;

exports[`feed actions should not set feed as read 1`] = `
Immutable.List [
  Immutable.Map {
    isMuted: false,
    threadId: 532322,
    time: 1515794888909,
    unread: false,
    state: "new",
    subtitle: "Why we all should flate text",
    title: "Schedule email sent",
    cmd: 1,
    id: 1,
  },
  Immutable.Map {
    isMuted: false,
    threadId: 3423,
    time: 1515432919000,
    unread: true,
    state: "new",
    subtitle: "Re: Last Meeting",
    title: "Email expired",
    cmd: 2,
    id: 2,
  },
  Immutable.Map {
    isMuted: false,
    threadId: 63512,
    time: 1515704888909,
    unread: true,
    state: "new",
    subtitle: "Re: Last Meeting",
    title: "Daniel Tigse Palma opened",
    cmd: 3,
    id: 3,
  },
  Immutable.Map {
    isMuted: false,
    threadId: 63567,
    time: 1515346519000,
    unread: false,
    state: "older",
    subtitle: "Re: Last Meeting",
    title: "Email expired",
    cmd: 2,
    id: 4,
  },
  Immutable.Map {
    isMuted: false,
    threadId: 532322,
    time: 1515432919000,
    unread: true,
    state: "older",
    subtitle: "Re: Last Meeting",
    title: "Daniel Tigse Palma opened",
    cmd: 3,
    id: 5,
  },
]
`;

exports[`feed actions should set feed as read 1`] = `
Immutable.List [
  Immutable.Map {
    isMuted: false,
    threadId: 532322,
    time: 1515794888909,
    unread: false,
    state: "new",
    subtitle: "Why we all should flate text",
    title: "Schedule email sent",
    cmd: 1,
    id: 1,
  },
  Immutable.Map {
    isMuted: false,
    threadId: 3423,
    time: 1515432919000,
    unread: false,
    state: "new",
    subtitle: "Re: Last Meeting",
    title: "Email expired",
    cmd: 2,
    id: 2,
  },
  Immutable.Map {
    isMuted: false,
    threadId: 63512,
    time: 1515704888909,
    unread: true,
    state: "new",
    subtitle: "Re: Last Meeting",
    title: "Daniel Tigse Palma opened",
    cmd: 3,
    id: 3,
  },
  Immutable.Map {
    isMuted: false,
    threadId: 63567,
    time: 1515346519000,
    unread: false,
    state: "older",
    subtitle: "Re: Last Meeting",
    title: "Email expired",
    cmd: 2,
    id: 4,
  },
  Immutable.Map {
    isMuted: false,
    threadId: 532322,
    time: 1515432919000,
    unread: true,
    state: "older",
    subtitle: "Re: Last Meeting",
    title: "Daniel Tigse Palma opened",
    cmd: 3,
    id: 5,
  },
]
`;
