// Jest Snapshot v1, https://goo.gl/fbAQLP

exports[`Validators:  Should mark the confirmation password as invalid (false) 1`] = `false`;

exports[`Validators:  Should mark the confirmation password as valid (true) 1`] = `true`;

exports[`Validators:  Should mark the email as invalid (false) 1`] = `false`;

exports[`Validators:  Should mark the email as invalid (false) 2`] = `false`;

exports[`Validators:  Should mark the email as invalid (false) 3`] = `false`;

exports[`Validators:  Should mark the email as valid (true) 1`] = `true`;

exports[`Validators:  Should mark the fullname as invalid (false) 1`] = `false`;

exports[`Validators:  Should mark the fullname as valid (true) 1`] = `true`;

exports[`Validators:  Should mark the password as invalid (false) 1`] = `false`;

exports[`Validators:  Should mark the password as valid (true) 1`] = `true`;

exports[`Validators:  Should mark the username as invalid (false) 1`] = `false`;

exports[`Validators:  Should mark the username as valid (true) 1`] = `true`;
