// Jest Snapshot v1, https://goo.gl/fbAQLP

exports[`Update data account from Account Table: should update account 1`] = `
Array [
  Object {
    "autoBackupEnable": false,
    "autoBackupFrequency": null,
    "autoBackupLastDate": null,
    "autoBackupLastSize": null,
    "autoBackupNextDate": null,
    "autoBackupPath": null,
    "blockRemoteContent": true,
    "customerType": 0,
    "defaultAddressId": null,
    "deviceId": 1,
    "encryptToExternals": false,
    "id": 1,
    "isActive": false,
    "isLoggedIn": true,
    "jwt": "abc",
    "name": "User One",
    "privKey": "ghi",
    "pubKey": "jkl",
    "recipientId": "user",
    "refreshToken": "def",
    "registrationId": 2,
    "signFooter": true,
    "signature": "",
    "signatureEnabled": false,
  },
  Object {
    "autoBackupEnable": false,
    "autoBackupFrequency": null,
    "autoBackupLastDate": null,
    "autoBackupLastSize": null,
    "autoBackupNextDate": null,
    "autoBackupPath": null,
    "blockRemoteContent": true,
    "customerType": 0,
    "defaultAddressId": null,
    "deviceId": 1,
    "encryptToExternals": false,
    "id": 2,
    "isActive": true,
    "isLoggedIn": true,
    "jwt": null,
    "name": "User Domain",
    "privKey": "ghi",
    "pubKey": "jkl",
    "recipientId": "user@domain.com",
    "refreshToken": null,
    "registrationId": 2,
    "signFooter": true,
    "signature": "",
    "signatureEnabled": false,
  },
]
`;
