// Jest Snapshot v1, https://goo.gl/fbAQLP

exports[`Test DBManager should add email to db 1`] = `
Array [
  Object {
    "bcc": null,
    "cc": null,
    "content": "Hello there",
    "date": "2013-10-07 08:23:19.120",
    "delivered": 0,
    "from": null,
    "id": 1,
    "isMuted": 0,
    "key": "1",
    "preview": "Hello there",
    "s3Key": "1",
    "secure": 1,
    "subject": "Greetings",
    "threadId": "1",
    "to": null,
    "unread": 1,
  },
]
`;
