// Jest Snapshot v1, https://goo.gl/fbAQLP

exports[`Store data file to File Table: should insert file to database 1`] = `
Array [
  Object {
    "date": "2018-06-14T23:45:57.466Z",
    "emailId": "1",
    "ephemeral": 0,
    "ephemeralStart": 0,
    "ephemeralTime": 0,
    "mimeType": "image/png",
    "name": "Criptext_Image_2018_06_14.png",
    "readOnly": 0,
    "size": 183241,
    "status": 1,
    "token": "token2",
  },
]
`;
